thread 'main' panicked at 'unsupported Miri functionality: can't call foreign function: foo', $DIR/unsupported_foreign_function.rs:9:9
note: run with `RUST_BACKTRACE=1` environment variable to display a backtrace
