thread 'main' panicked at 'explicit panic', $DIR/exported_symbol_unwind_allowed.rs:6:5
note: run with `RUST_BACKTRACE=1` environment variable to display a backtrace
